// Jest Snapshot v1, https://goo.gl/fbAQLP

exports[`Snapshot matches the existing snapshot 1`] = `
<li
  className="jsx-1384089475 room room-disabled"
>
  <header
    className="jsx-1384089475"
  >
    Room 
    1
    <br
      className="jsx-1384089475"
    />
  </header>
  <section
    className="jsx-1384089475"
  >
    <div
      className="jsx-4138645028 room-dropdown"
    >
      <div
        className="jsx-4138645028 room-dropdown-title"
      >
        Adults (18+)
      </div>
      <select
        className="jsx-4138645028"
        disabled={true}
        onChange={[Function]}
      >
        <option
          className="jsx-4138645028"
          value={1}
        >
          1
        </option>
        <option
          className="jsx-4138645028"
          value={2}
        >
          2
        </option>
      </select>
    </div>
    <div
      className="jsx-4138645028 room-dropdown"
    >
      <div
        className="jsx-4138645028 room-dropdown-title"
      >
        Children (0-17)
      </div>
      <select
        className="jsx-4138645028"
        disabled={true}
        onChange={[Function]}
      >
        <option
          className="jsx-4138645028"
          value={0}
        >
          0
        </option>
        <option
          className="jsx-4138645028"
          value={1}
        >
          1
        </option>
        <option
          className="jsx-4138645028"
          value={2}
        >
          2
        </option>
      </select>
    </div>
  </section>
</li>
`;
